I'm sorry, but errors were detected in your script. Please correct the
errors listed below, and try again.


File "game/rpg_cards/cards_screen.rpy", line 20: 'box_wrap' is not a keyword argument or valid child of the grid statement.
    box_wrap True
            ^

Ren'Py Version: Ren'Py 8.2.1.24030407
Sun May 26 23:17:24 2024
